[unicktheme.com/bixola/index.html]
[backblue.gif]
[fade.gif]
[index.html]
[unicktheme.com/bixola/assets/images/favicons/apple-touch-icon.png]
[unicktheme.com/bixola/assets/images/favicons/favicon-32x32.png]
[unicktheme.com/bixola/assets/images/favicons/favicon-16x16.png]
[unicktheme.com/bixola/assets/images/favicons/site.webmanifest]
[unicktheme.com/bixola/assets/vendors/bootstrap/css/bootstrap.min.css]
[unicktheme.com/bixola/assets/vendors/animate/animate.min.css]
[unicktheme.com/bixola/assets/vendors/animate/custom-animate.css]
[unicktheme.com/bixola/assets/vendors/fontawesome/css/all.min.css]
[unicktheme.com/bixola/assets/vendors/jarallax/jarallax.css]
[unicktheme.com/bixola/assets/vendors/jquery-magnific-popup/jquery.magnific-popup.css]
[unicktheme.com/bixola/assets/vendors/odometer/odometer.min.css]
[unicktheme.com/bixola/assets/vendors/swiper/swiper.min.css]
[unicktheme.com/bixola/assets/vendors/bixola-icons/style.css]
[unicktheme.com/bixola/assets/vendors/owl-carousel/owl.carousel.min.css]
[unicktheme.com/bixola/assets/vendors/owl-carousel/owl.theme.default.min.css]
[unicktheme.com/bixola/assets/vendors/bootstrap-select/css/bootstrap-select.min.css]
[unicktheme.com/bixola/assets/vendors/jquery-ui/jquery-ui.css]
[unicktheme.com/bixola/assets/vendors/timepicker/timePicker.css]
[unicktheme.com/bixola/assets/css/bixola.css]
[unicktheme.com/bixola/assets/css/bixola-responsive.css]
[unicktheme.com/bixola/about.html]
[unicktheme.com/bixola/contact.html]
[unicktheme.com/bixola/assets/images/resources/logo-1.png]
[unicktheme.com/bixola/assets/images/home-showcase/home-showcase-1-1.jpg]
[unicktheme.com/bixola/index-one-page.html]
[unicktheme.com/bixola/assets/images/home-showcase/home-showcase-1-2.jpg]
[unicktheme.com/bixola/index2.html]
[unicktheme.com/bixola/index2-one-page.html]
[unicktheme.com/bixola/assets/images/home-showcase/home-showcase-1-3.jpg]
[unicktheme.com/bixola/index3.html]
[unicktheme.com/bixola/index3-one-page.html]
[unicktheme.com/bixola/assets/images/home-showcase/home-showcase-1-4.jpg]
[unicktheme.com/bixola/index4.html]
[unicktheme.com/bixola/index4-one-page.html]
[unicktheme.com/bixola/assets/images/home-showcase/home-showcase-1-5.jpg]
[unicktheme.com/bixola/index5.html]
[unicktheme.com/bixola/index5-one-page.html]
[unicktheme.com/bixola/assets/images/home-showcase/home-showcase-1-6.jpg]
[unicktheme.com/bixola/index-dark.html]
[unicktheme.com/bixola/services.html]
[unicktheme.com/bixola/services-carousel.html]
[unicktheme.com/bixola/business-audit.html]
[unicktheme.com/bixola/business-planning.html]
[unicktheme.com/bixola/financial-advices.html]
[unicktheme.com/bixola/tax-strategy.html]
[unicktheme.com/bixola/insurance-strategy.html]
[unicktheme.com/bixola/start-ups.html]
[unicktheme.com/bixola/team.html]
[unicktheme.com/bixola/team-carousel.html]
[unicktheme.com/bixola/team-details.html]
[unicktheme.com/bixola/portfolio.html]
[unicktheme.com/bixola/portfolio-carousel.html]
[unicktheme.com/bixola/portfolio-details.html]
[unicktheme.com/bixola/testimonials.html]
[unicktheme.com/bixola/testimonials-carousel.html]
[unicktheme.com/bixola/price.html]
[unicktheme.com/bixola/price-carousel.html]
[unicktheme.com/bixola/appointment.html]
[unicktheme.com/bixola/404.html]
[unicktheme.com/bixola/news.html]
[unicktheme.com/bixola/news-left.html]
[unicktheme.com/bixola/news-right.html]
[unicktheme.com/bixola/news-list-1.html]
[unicktheme.com/bixola/news-list-one-left.html]
[unicktheme.com/bixola/news-list-one-right.html]
[unicktheme.com/bixola/news-list-2.html]
[unicktheme.com/bixola/news-list-two-left.html]
[unicktheme.com/bixola/news-list-two-right.html]
[unicktheme.com/bixola/news-list-3.html]
[unicktheme.com/bixola/news-list-three-left.html]
[unicktheme.com/bixola/news-list-three-right.html]
[unicktheme.com/bixola/news-carousel.html]
[unicktheme.com/bixola/news-details.html]
[unicktheme.com/bixola/assets/images/backgrounds/slider-1-1.jpg]
[unicktheme.com/bixola/assets/images/shapes/main-slider-shape-1.png]
[unicktheme.com/bixola/assets/images/shapes/main-slider-shape-2.png]
[unicktheme.com/bixola/assets/images/backgrounds/slider-1-2.jpg]
[unicktheme.com/bixola/assets/images/backgrounds/slider-1-3.jpg]
[unicktheme.com/bixola/assets/images/resources/feature-1-1.jpg]
[unicktheme.com/bixola/assets/images/shapes/about-one-shape-3.png]
[unicktheme.com/bixola/assets/images/shapes/about-one-shape-4.png]
[unicktheme.com/bixola/assets/images/resources/about-one-img-1.jpg]
[unicktheme.com/bixola/assets/images/resources/about-one-img-2.jpg]
[unicktheme.com/bixola/assets/images/shapes/about-one-shape-1.png]
[unicktheme.com/bixola/assets/images/shapes/about-one-shape-2.png]
[unicktheme.com/bixola/assets/images/shapes/services-one-shape-3.png]
[unicktheme.com/bixola/assets/images/shapes/services-one-shape-4.png]
[unicktheme.com/bixola/assets/images/services/services-one-hover-img.jpg]
[unicktheme.com/bixola/assets/images/shapes/services-one-shape-1.png]
[unicktheme.com/bixola/assets/images/shapes/services-one-shape-2.png]
[unicktheme.com/bixola/assets/images/shapes/cta-one-shape-1.png]
[unicktheme.com/bixola/assets/images/shapes/cta-one-shape-2.png]
[unicktheme.com/bixola/assets/images/shapes/cta-one-shape-3.png]
[unicktheme.com/bixola/assets/images/shapes/cta-one-shape-4.png]
[unicktheme.com/bixola/assets/images/shapes/why-choose-one-shape-3.png]
[unicktheme.com/bixola/assets/images/shapes/why-choose-one-shape-1.png]
[unicktheme.com/bixola/assets/images/shapes/why-choose-one-shape-2.png]
[unicktheme.com/bixola/assets/images/resources/why-choose-one-img-1.jpg]
[unicktheme.com/bixola/assets/images/shapes/portfolio-one-shape-1.png]
[unicktheme.com/bixola/assets/images/shapes/portfolio-one-shape-2.png]
[unicktheme.com/bixola/assets/images/project/portfolio-1-1.jpg]
[unicktheme.com/bixola/assets/images/project/portfolio-1-2.jpg]
[unicktheme.com/bixola/assets/images/project/portfolio-1-3.jpg]
[unicktheme.com/bixola/assets/images/project/portfolio-1-4.jpg]
[unicktheme.com/bixola/assets/images/backgrounds/counter-one-bg.png]
[unicktheme.com/bixola/assets/images/shapes/pricing-one-shape-1.png]
[unicktheme.com/bixola/assets/images/shapes/pricing-one-shape-2.png]
[unicktheme.com/bixola/assets/images/backgrounds/testimonial-one-bg.png]
[unicktheme.com/bixola/assets/images/testimonial/testimonial-1-1.jpg]
[unicktheme.com/bixola/assets/images/testimonial/testimonial-1-2.jpg]
[unicktheme.com/bixola/assets/images/shapes/team-one-shape-1.png]
[unicktheme.com/bixola/assets/images/shapes/team-one-shape-2.png]
[unicktheme.com/bixola/assets/images/team/team-1-1.jpg]
[unicktheme.com/bixola/assets/images/team/team-1-2.jpg]
[unicktheme.com/bixola/assets/images/team/team-1-3.jpg]
[unicktheme.com/bixola/assets/images/team/team-1-4.jpg]
[unicktheme.com/bixola/assets/images/resources/faq-one-img-1.jpg]
[unicktheme.com/bixola/assets/images/shapes/faq-one-shape-1.png]
[unicktheme.com/bixola/assets/images/shapes/news-one-shape-1.png]
[unicktheme.com/bixola/assets/images/shapes/news-one-shape-2.png]
[unicktheme.com/bixola/assets/images/shapes/news-one-shape-3.png]
[unicktheme.com/bixola/assets/images/blog/news-1-1.jpg]
[unicktheme.com/bixola/assets/images/blog/news-one-person-img.jpg]
[unicktheme.com/bixola/assets/images/blog/news-1-2.jpg]
[unicktheme.com/bixola/assets/images/blog/news-one-person-img-2.jpg]
[unicktheme.com/bixola/assets/images/blog/news-1-3.jpg]
[unicktheme.com/bixola/assets/images/blog/news-one-person-img-3.jpg]
[unicktheme.com/bixola/assets/images/brand/brand-1-1.png]
[unicktheme.com/bixola/assets/images/brand/brand-1-2.png]
[unicktheme.com/bixola/assets/images/brand/brand-1-3.png]
[unicktheme.com/bixola/assets/images/brand/brand-1-4.png]
[unicktheme.com/bixola/assets/images/brand/brand-1-5.png]
[unicktheme.com/bixola/assets/images/shapes/site-footer-shape-1.png]
[unicktheme.com/bixola/assets/images/shapes/site-footer-shape-2.png]
[unicktheme.com/bixola/assets/images/resources/footer-logo.png]
[unicktheme.com/bixola/assets/vendors/jquery/jquery-3.6.0.min.js]
[unicktheme.com/bixola/assets/vendors/bootstrap/js/bootstrap.bundle.min.js]
[unicktheme.com/bixola/assets/vendors/jarallax/jarallax.min.js]
[unicktheme.com/bixola/assets/vendors/jquery-ajaxchimp/jquery.ajaxchimp.min.js]
[unicktheme.com/bixola/assets/vendors/jquery-appear/jquery.appear.min.js]
[unicktheme.com/bixola/assets/vendors/jquery-circle-progress/jquery.circle-progress.min.js]
[unicktheme.com/bixola/assets/vendors/jquery-magnific-popup/jquery.magnific-popup.min.js]
[unicktheme.com/bixola/assets/vendors/jquery-validate/jquery.validate.min.js]
[unicktheme.com/bixola/assets/vendors/odometer/odometer.min.js]
[unicktheme.com/bixola/assets/vendors/swiper/swiper.min.js]
[unicktheme.com/bixola/assets/vendors/wnumb/wNumb.min.js]
[unicktheme.com/bixola/assets/vendors/wow/wow.js]
[unicktheme.com/bixola/assets/vendors/isotope/isotope.js]
[unicktheme.com/bixola/assets/vendors/owl-carousel/owl.carousel.min.js]
[unicktheme.com/bixola/assets/vendors/bootstrap-select/js/bootstrap-select.min.js]
[unicktheme.com/bixola/assets/vendors/jquery-ui/jquery-ui.js]
[unicktheme.com/bixola/assets/vendors/timepicker/timePicker.js]
[unicktheme.com/bixola/assets/vendors/circleType/jquery.circleType.js]
[unicktheme.com/bixola/assets/vendors/circleType/jquery.lettering.min.js]
[unicktheme.com/bixola/index.html]
[unicktheme.com/bixola/assets/js/bixola.js]
[unicktheme.com/bixola/assets/vendors/bootstrap/css/bootstrap.min.css]
[unicktheme.com/bixola/assets/vendors/animate/animate.min.css]
[unicktheme.com/bixola/assets/vendors/animate/custom-animate.css]
[unicktheme.com/bixola/assets/vendors/fontawesome/webfonts/fa-brands-400.eot]
[unicktheme.com/bixola/assets/vendors/fontawesome/webfonts/fa-brands-400d41d.eot]
[unicktheme.com/bixola/assets/vendors/fontawesome/webfonts/fa-brands-400.woff2]
[unicktheme.com/bixola/assets/vendors/fontawesome/webfonts/fa-brands-400.woff]
[unicktheme.com/bixola/assets/vendors/fontawesome/webfonts/fa-brands-400.ttf]
[unicktheme.com/bixola/assets/vendors/fontawesome/webfonts/fa-brands-400.svg]
[unicktheme.com/bixola/assets/vendors/fontawesome/webfonts/fa-regular-400.eot]
[unicktheme.com/bixola/assets/vendors/fontawesome/webfonts/fa-regular-400d41d.eot]
[unicktheme.com/bixola/assets/vendors/fontawesome/webfonts/fa-regular-400.woff2]
[unicktheme.com/bixola/assets/vendors/fontawesome/webfonts/fa-regular-400.woff]
[unicktheme.com/bixola/assets/vendors/fontawesome/webfonts/fa-regular-400.ttf]
[unicktheme.com/bixola/assets/vendors/fontawesome/webfonts/fa-regular-400.svg]
[unicktheme.com/bixola/assets/vendors/fontawesome/webfonts/fa-solid-900.eot]
[unicktheme.com/bixola/assets/vendors/fontawesome/webfonts/fa-solid-900d41d.eot]
[unicktheme.com/bixola/assets/vendors/fontawesome/webfonts/fa-solid-900.woff2]
[unicktheme.com/bixola/assets/vendors/fontawesome/webfonts/fa-solid-900.woff]
[unicktheme.com/bixola/assets/vendors/fontawesome/webfonts/fa-solid-900.ttf]
[unicktheme.com/bixola/assets/vendors/fontawesome/css/all.min.css]
[unicktheme.com/bixola/assets/vendors/jarallax/jarallax.css]
[unicktheme.com/bixola/assets/vendors/jquery-magnific-popup/jquery.magnific-popup.css]
[unicktheme.com/bixola/assets/vendors/odometer/odometer.min.css]
[unicktheme.com/bixola/assets/vendors/swiper/swiper.min.css]
[unicktheme.com/bixola/assets/vendors/fontawesome/webfonts/fa-solid-900.svg]
[unicktheme.com/bixola/assets/vendors/bixola-icons/fonts/icomoon78ed.eot]
[unicktheme.com/bixola/assets/vendors/bixola-icons/fonts/icomoon78ed.ttf]
[unicktheme.com/bixola/assets/vendors/bixola-icons/fonts/icomoon78ed.woff]
[unicktheme.com/bixola/assets/vendors/bixola-icons/style.css]
[unicktheme.com/bixola/assets/vendors/bixola-icons/fonts/icomoon78ed.svg]
[unicktheme.com/bixola/assets/vendors/owl-carousel/owl.carousel.min.css]
[unicktheme.com/bixola/assets/vendors/owl-carousel/owl.theme.default.min.css]
[unicktheme.com/bixola/assets/vendors/bootstrap-select/css/bootstrap-select.min.css]
[unicktheme.com/bixola/assets/vendors/jquery-ui/images/ui-bg_highlight-soft_75_cccccc_1x100.png]
[unicktheme.com/bixola/assets/vendors/jquery-ui/images/ui-bg_glass_75_e6e6e6_1x400.png]
[unicktheme.com/bixola/assets/vendors/jquery-ui/images/ui-bg_glass_75_dadada_1x400.png]
[unicktheme.com/bixola/assets/vendors/jquery-ui/images/ui-bg_glass_65_ffffff_1x400.png]
[unicktheme.com/bixola/assets/vendors/jquery-ui/images/ui-bg_glass_55_fbf9ee_1x400.png]
[unicktheme.com/bixola/assets/vendors/jquery-ui/images/ui-bg_glass_95_fef1ec_1x400.png]
[unicktheme.com/bixola/assets/vendors/jquery-ui/images/ui-icons_222222_256x240.png]
[unicktheme.com/bixola/assets/vendors/jquery-ui/images/ui-icons_888888_256x240.png]
[unicktheme.com/bixola/assets/vendors/jquery-ui/images/ui-icons_454545_256x240.png]
[unicktheme.com/bixola/assets/vendors/jquery-ui/images/ui-icons_2e83ff_256x240.png]
[unicktheme.com/bixola/assets/vendors/jquery-ui/jquery-ui.css]
[unicktheme.com/bixola/assets/vendors/jquery-ui/images/ui-icons_cd0a0a_256x240.png]
[unicktheme.com/bixola/assets/vendors/timepicker/timePicker.css]
[unicktheme.com/bixola/assets/images/loader.png]
[unicktheme.com/bixola/assets/css/bixola.css]
[unicktheme.com/bixola/assets/css/bixola-responsive.css]
[unicktheme.com/bixola/assets/images/backgrounds/page-header-bg.jpg]
[unicktheme.com/bixola/assets/images/shapes/page-header-shape-1.png]
[unicktheme.com/bixola/assets/images/shapes/page-header-shape-2.png]
[unicktheme.com/bixola/assets/images/shapes/page-header-shape-3.png]
[unicktheme.com/bixola/assets/images/shapes/page-header-shape-4.png]
[unicktheme.com/bixola/assets/images/shapes/about-two-shape-2.png]
[unicktheme.com/bixola/assets/images/shapes/about-two-shape-3.png]
[unicktheme.com/bixola/assets/images/shapes/about-two-shape-1.png]
[unicktheme.com/bixola/assets/images/resources/about-two-img-1.jpg]
[unicktheme.com/bixola/assets/images/shapes/process-one-shape-1.png]
[unicktheme.com/bixola/assets/images/shapes/team-four-shape-1.png]
[unicktheme.com/bixola/assets/images/shapes/team-four-shape-2.png]
[unicktheme.com/bixola/assets/images/testimonial/testimonial-2-1.jpg]
[unicktheme.com/bixola/assets/images/testimonial/testimonial-2-2.jpg]
[unicktheme.com/bixola/assets/images/testimonial/testimonial-2-3.jpg]
[unicktheme.com/bixola/assets/images/brand/brand-3-1.png]
[unicktheme.com/bixola/assets/images/brand/brand-3-2.png]
[unicktheme.com/bixola/assets/images/brand/brand-3-3.png]
[unicktheme.com/bixola/assets/images/brand/brand-3-4.png]
[unicktheme.com/bixola/assets/images/brand/brand-3-5.png]
[unicktheme.com/bixola/assets/images/shapes/site-footer-two-shape-1.png]
[unicktheme.com/bixola/assets/images/shapes/site-footer-two-shape-2.png]
[unicktheme.com/bixola/assets/images/resources/footer-logo-2.png]
[unicktheme.com/bixola/assets/images/project/footer-widget-two-portfolio-img-1.jpg]
[unicktheme.com/bixola/assets/images/project/footer-widget-two-portfolio-img-2.jpg]
[unicktheme.com/bixola/assets/images/project/footer-widget-two-portfolio-img-3.jpg]
[unicktheme.com/bixola/assets/images/project/footer-widget-two-portfolio-img-4.jpg]
[unicktheme.com/bixola/assets/images/project/footer-widget-two-portfolio-img-5.jpg]
[unicktheme.com/bixola/assets/images/project/footer-widget-two-portfolio-img-6.jpg]
[unicktheme.com/bixola/about.html]
[unicktheme.com/bixola/contact.html]
[unicktheme.com/bixola/index-one-page.html]
[unicktheme.com/bixola/assets/images/resources/logo-2.png]
[unicktheme.com/bixola/assets/images/backgrounds/slider-2-1.jpg]
[unicktheme.com/bixola/assets/images/shapes/main-slider-two-shape-1.png]
[unicktheme.com/bixola/assets/images/shapes/main-slider-two-shape-2.png]
[unicktheme.com/bixola/assets/images/backgrounds/slider-2-2.jpg]
[unicktheme.com/bixola/assets/images/backgrounds/slider-2-3.jpg]
[unicktheme.com/bixola/assets/images/shapes/services-two-shape-1.png]
[unicktheme.com/bixola/assets/images/services/services-2-1.jpg]
[unicktheme.com/bixola/assets/images/services/services-2-2.jpg]
[unicktheme.com/bixola/assets/images/services/services-2-3.jpg]
[unicktheme.com/bixola/assets/images/shapes/portfolio-two-shape-1.png]
[unicktheme.com/bixola/assets/images/shapes/portfolio-two-shape-2.png]
[unicktheme.com/bixola/assets/images/project/portfolio-2-1.jpg]
[unicktheme.com/bixola/assets/images/project/portfolio-2-2.jpg]
[unicktheme.com/bixola/assets/images/project/portfolio-2-3.jpg]
[unicktheme.com/bixola/assets/images/project/portfolio-2-4.jpg]
[unicktheme.com/bixola/assets/images/project/portfolio-2-5.jpg]
[unicktheme.com/bixola/assets/images/shapes/appointment-two-shape-2.png]
[unicktheme.com/bixola/assets/images/resources/appointment-two-img-1.jpg]
[unicktheme.com/bixola/assets/images/shapes/appointment-two-shape-1.png]
[unicktheme.com/bixola/assets/images/shapes/pricing-two-shape-2.png]
[unicktheme.com/bixola/assets/images/shapes/pricing-two-shape-3.png]
[unicktheme.com/bixola/assets/images/shapes/pricing-two-shape-4.png]
[unicktheme.com/bixola/assets/images/shapes/pricing-two-shape-5.png]
[unicktheme.com/bixola/assets/images/shapes/pricing-two-shape-1.png]
[unicktheme.com/bixola/assets/images/team/team-2-1.jpg]
[unicktheme.com/bixola/assets/images/team/team-2-2.jpg]
[unicktheme.com/bixola/assets/images/team/team-2-3.jpg]
[unicktheme.com/bixola/assets/images/shapes/faq-two-shape-1.png]
[unicktheme.com/bixola/assets/images/shapes/faq-two-shape-2.png]
[unicktheme.com/bixola/assets/images/blog/news-2-1.jpg]
[unicktheme.com/bixola/assets/images/blog/news-2-2.jpg]
[unicktheme.com/bixola/assets/images/blog/news-2-3.jpg]
[unicktheme.com/bixola/assets/images/shapes/cta-two-shape-1.png]
[unicktheme.com/bixola/assets/images/shapes/cta-two-shape-2.png]
[unicktheme.com/bixola/index2.html]
[unicktheme.com/bixola/index2-one-page.html]
[unicktheme.com/bixola/assets/images/resources/main-slider-three-img-1.png]
[unicktheme.com/bixola/assets/images/shapes/main-slider-three-shape-1.png]
[unicktheme.com/bixola/assets/images/shapes/main-slider-three-shape-2.png]
[unicktheme.com/bixola/assets/images/shapes/main-slider-three-shape-3.png]
[unicktheme.com/bixola/assets/images/shapes/about-three-shape-5.png]
[unicktheme.com/bixola/assets/images/shapes/about-three-shape-3.png]
[unicktheme.com/bixola/assets/images/shapes/about-three-shape-4.png]
[unicktheme.com/bixola/assets/images/resources/about-three-img-1.jpg]
[unicktheme.com/bixola/assets/images/shapes/about-three-shape-1.png]
[unicktheme.com/bixola/assets/images/shapes/about-three-shape-2.png]
[unicktheme.com/bixola/assets/images/shapes/why-choose-two-shape-3.png]
[unicktheme.com/bixola/assets/images/resources/why-choose-two-img-1.jpg]
[unicktheme.com/bixola/assets/images/shapes/why-choose-two-shape-1.png]
[unicktheme.com/bixola/assets/images/shapes/why-choose-two-shape-2.png]
[unicktheme.com/bixola/assets/images/shapes/services-three-shape-1.png]
[unicktheme.com/bixola/assets/images/shapes/services-three-shape-2.png]
[unicktheme.com/bixola/assets/images/shapes/portfolio-three-shape-1.png]
[unicktheme.com/bixola/assets/images/shapes/portfolio-three-shape-2.png]
[unicktheme.com/bixola/assets/images/project/portfolio-3-1.jpg]
[unicktheme.com/bixola/assets/images/project/portfolio-3-2.jpg]
[unicktheme.com/bixola/assets/images/project/portfolio-3-3.jpg]
[unicktheme.com/bixola/assets/images/project/portfolio-3-4.jpg]
[unicktheme.com/bixola/assets/images/project/portfolio-3-5.jpg]
[unicktheme.com/bixola/assets/images/project/portfolio-3-6.jpg]
[unicktheme.com/bixola/assets/images/shapes/cta-three-shape-2.png]
[unicktheme.com/bixola/assets/images/shapes/cta-three-shape-3.png]
[unicktheme.com/bixola/assets/images/resources/cta-three-img-1.png]
[unicktheme.com/bixola/assets/images/resources/cta-three-img-2.png]
[unicktheme.com/bixola/assets/images/shapes/cta-three-shape-1.png]
[unicktheme.com/bixola/assets/images/shapes/team-three-shape-1.png]
[unicktheme.com/bixola/assets/images/shapes/team-three-shape-2.png]
[unicktheme.com/bixola/assets/images/team/team-3-1.jpg]
[unicktheme.com/bixola/assets/images/team/team-3-2.jpg]
[unicktheme.com/bixola/assets/images/team/team-3-3.jpg]
[unicktheme.com/bixola/assets/images/team/team-3-4.jpg]
[unicktheme.com/bixola/assets/images/shapes/testimonial-three-shape-1.png]
[unicktheme.com/bixola/assets/images/shapes/testimonial-three-shape-2.png]
[unicktheme.com/bixola/assets/images/shapes/news-three-shape-1.png]
[unicktheme.com/bixola/assets/images/shapes/news-three-shape-2.png]
[unicktheme.com/bixola/assets/images/blog/news-3-1.jpg]
[unicktheme.com/bixola/assets/images/blog/news-3-2.jpg]
[unicktheme.com/bixola/assets/images/blog/news-3-3.jpg]
[unicktheme.com/bixola/assets/images/shapes/site-footer-three-shape-1.png]
[unicktheme.com/bixola/assets/images/shapes/site-footer-three-shape-2.png]
[unicktheme.com/bixola/assets/images/shapes/site-footer-three-shape-3.png]
[unicktheme.com/bixola/assets/images/resources/post-img-1.jpg]
[unicktheme.com/bixola/assets/images/resources/post-img-2.jpg]
[unicktheme.com/bixola/index3.html]
[unicktheme.com/bixola/index3-one-page.html]
[unicktheme.com/bixola/assets/images/shapes/main-slider-four-shape-1.png]
[unicktheme.com/bixola/assets/images/shapes/main-slider-four-shape-2.png]
[unicktheme.com/bixola/assets/images/resources/about-four-img-1.jpg]
[unicktheme.com/bixola/assets/images/backgrounds/feature-three-bg-1.jpg]
[unicktheme.com/bixola/assets/images/backgrounds/feature-three-bg-2.jpg]
[unicktheme.com/bixola/assets/images/backgrounds/feature-three-bg-3.jpg]
[unicktheme.com/bixola/assets/images/backgrounds/feature-three-bg-4.jpg]
[unicktheme.com/bixola/assets/images/team/team-6-1.jpg]
[unicktheme.com/bixola/assets/images/team/team-6-2.jpg]
[unicktheme.com/bixola/assets/images/team/team-6-3.jpg]
[unicktheme.com/bixola/assets/images/team/team-6-4.jpg]
[unicktheme.com/bixola/assets/images/services/services-four-tab-content-img-1-1.jpg]
[unicktheme.com/bixola/assets/images/services/services-four-tab-content-img-1-2.jpg]
[unicktheme.com/bixola/assets/images/services/services-four-tab-content-img-1-3.jpg]
[unicktheme.com/bixola/assets/images/services/services-four-tab-content-img-1-4.jpg]
[unicktheme.com/bixola/assets/images/services/services-four-tab-content-img-1-5.jpg]
[unicktheme.com/bixola/assets/images/services/services-four-tab-content-img-1-6.jpg]
[unicktheme.com/bixola/index4.html]
[unicktheme.com/bixola/index4-one-page.html]
[unicktheme.com/bixola/index5.html]
[unicktheme.com/bixola/index5-one-page.html]
[unicktheme.com/bixola/assets/css/bixola-dark.css]
[unicktheme.com/bixola/index-dark.html]
[unicktheme.com/bixola/services.html]
[unicktheme.com/bixola/services-carousel.html]
[unicktheme.com/bixola/assets/images/services/services-details-img-1.jpg]
[unicktheme.com/bixola/assets/images/services/services-details-img-2.jpg]
[unicktheme.com/bixola/assets/images/shapes/process-four-shape-1.png]
[unicktheme.com/bixola/business-audit.html]
[unicktheme.com/bixola/assets/images/services/services-details-img-3.jpg]
[unicktheme.com/bixola/business-planning.html]
[unicktheme.com/bixola/assets/images/services/services-details-img-4.jpg]
[unicktheme.com/bixola/financial-advices.html]
[unicktheme.com/bixola/assets/images/services/services-details-img-7.jpg]
[unicktheme.com/bixola/tax-strategy.html]
[unicktheme.com/bixola/assets/images/services/services-details-img-5.jpg]
[unicktheme.com/bixola/insurance-strategy.html]
[unicktheme.com/bixola/assets/images/services/services-details-img-6.jpg]
[unicktheme.com/bixola/start-ups.html]
[unicktheme.com/bixola/assets/images/team/team-page-1-1.jpg]
[unicktheme.com/bixola/assets/images/team/team-page-1-2.jpg]
[unicktheme.com/bixola/assets/images/team/team-page-1-3.jpg]
[unicktheme.com/bixola/assets/images/team/team-page-1-4.jpg]
[unicktheme.com/bixola/assets/images/team/team-page-1-5.jpg]
[unicktheme.com/bixola/assets/images/team/team-page-1-6.jpg]
[unicktheme.com/bixola/assets/images/team/team-page-1-7.jpg]
[unicktheme.com/bixola/assets/images/team/team-page-1-8.jpg]
[unicktheme.com/bixola/assets/images/team/team-page-1-9.jpg]
[unicktheme.com/bixola/assets/images/team/team-page-1-10.jpg]
[unicktheme.com/bixola/assets/images/team/team-page-1-11.jpg]
[unicktheme.com/bixola/assets/images/team/team-page-1-12.jpg]
[unicktheme.com/bixola/team.html]
[unicktheme.com/bixola/team-carousel.html]
[unicktheme.com/bixola/assets/images/team/team-details-img-1.jpg]
[unicktheme.com/bixola/assets/images/team/team-5-1.jpg]
[unicktheme.com/bixola/assets/images/team/team-5-2.jpg]
[unicktheme.com/bixola/assets/images/team/team-5-3.jpg]
[unicktheme.com/bixola/assets/images/team/team-5-4.jpg]
[unicktheme.com/bixola/team-details.html]
[unicktheme.com/bixola/assets/images/project/portfolio-page-1-1.jpg]
[unicktheme.com/bixola/assets/images/project/portfolio-page-1-2.jpg]
[unicktheme.com/bixola/assets/images/project/portfolio-page-1-3.jpg]
[unicktheme.com/bixola/assets/images/project/portfolio-page-1-4.jpg]
[unicktheme.com/bixola/assets/images/project/portfolio-page-1-5.jpg]
[unicktheme.com/bixola/assets/images/project/portfolio-page-1-6.jpg]
[unicktheme.com/bixola/assets/images/project/portfolio-page-1-7.jpg]
[unicktheme.com/bixola/assets/images/project/portfolio-page-1-8.jpg]
[unicktheme.com/bixola/assets/images/project/portfolio-page-1-9.jpg]
[unicktheme.com/bixola/portfolio.html]
[unicktheme.com/bixola/assets/images/backgrounds/cta-four-bg.png]
[unicktheme.com/bixola/portfolio-carousel.html]
[unicktheme.com/bixola/assets/images/project/portfolio-details-img-1.jpg]
[unicktheme.com/bixola/assets/images/project/portfolio-4-1.jpg]
[unicktheme.com/bixola/assets/images/project/portfolio-4-2.jpg]
[unicktheme.com/bixola/portfolio-details.html]
[unicktheme.com/bixola/assets/images/project/portfolio-4-3.jpg]
[unicktheme.com/bixola/testimonials.html]
[unicktheme.com/bixola/testimonials-carousel.html]
[unicktheme.com/bixola/price.html]
[unicktheme.com/bixola/price-carousel.html]
[unicktheme.com/bixola/assets/images/resources/appointment-page-img-1.jpg]
[unicktheme.com/bixola/appointment.html]
[unicktheme.com/bixola/404.html]
[unicktheme.com/bixola/assets/images/blog/news-1-4.jpg]
[unicktheme.com/bixola/assets/images/blog/news-1-5.jpg]
[unicktheme.com/bixola/assets/images/blog/news-1-6.jpg]
[unicktheme.com/bixola/news.html]
[unicktheme.com/bixola/assets/images/blog/news-lp-1.jpg]
[unicktheme.com/bixola/assets/images/blog/news-lp-2.jpg]
[unicktheme.com/bixola/assets/images/blog/news-lp-3.jpg]
[unicktheme.com/bixola/assets/images/blog/news-lp-4.jpg]
[unicktheme.com/bixola/assets/images/blog/sitebar-gallery-img-1.jpg]
[unicktheme.com/bixola/assets/images/blog/sitebar-gallery-img-2.jpg]
[unicktheme.com/bixola/assets/images/blog/sitebar-gallery-img-3.jpg]
[unicktheme.com/bixola/assets/images/blog/sitebar-gallery-img-4.jpg]
[unicktheme.com/bixola/assets/images/blog/sitebar-gallery-img-5.jpg]
[unicktheme.com/bixola/assets/images/blog/sitebar-gallery-img-6.jpg]
[unicktheme.com/bixola/news-left.html]
[unicktheme.com/bixola/news-right.html]
[unicktheme.com/bixola/assets/images/blog/news-page-1-1.jpg]
[unicktheme.com/bixola/assets/images/blog/news-page-1-2.jpg]
[unicktheme.com/bixola/assets/images/blog/news-page-1-3.jpg]
[unicktheme.com/bixola/assets/images/blog/news-page-1-4.jpg]
[unicktheme.com/bixola/assets/images/blog/news-page-1-5.jpg]
[unicktheme.com/bixola/assets/images/blog/news-page-1-6.jpg]
[unicktheme.com/bixola/assets/images/blog/news-page-1-7.jpg]
[unicktheme.com/bixola/assets/images/blog/news-page-1-8.jpg]
[unicktheme.com/bixola/assets/images/blog/news-page-1-9.jpg]
[unicktheme.com/bixola/assets/images/blog/news-page-1-10.jpg]
[unicktheme.com/bixola/news-list-1.html]
[unicktheme.com/bixola/news-list-one-left.html]
[unicktheme.com/bixola/news-list-one-right.html]
[unicktheme.com/bixola/assets/images/blog/news-page-two-1-1.jpg]
[unicktheme.com/bixola/assets/images/blog/news-page-two-user-1-1.jpg]
[unicktheme.com/bixola/assets/images/blog/news-page-two-1-2.jpg]
[unicktheme.com/bixola/assets/images/blog/news-page-two-user-1-2.jpg]
[unicktheme.com/bixola/assets/images/blog/news-page-two-1-3.jpg]
[unicktheme.com/bixola/assets/images/blog/news-page-two-user-1-3.jpg]
[unicktheme.com/bixola/assets/images/blog/news-page-two-1-4.jpg]
[unicktheme.com/bixola/assets/images/blog/news-page-two-user-1-4.jpg]
[unicktheme.com/bixola/assets/images/blog/news-page-two-1-5.jpg]
[unicktheme.com/bixola/assets/images/blog/news-page-two-user-1-5.jpg]
[unicktheme.com/bixola/assets/images/blog/news-page-two-1-6.jpg]
[unicktheme.com/bixola/assets/images/blog/news-page-two-user-1-6.jpg]
[unicktheme.com/bixola/news-list-2.html]
[unicktheme.com/bixola/news-list-two-left.html]
[unicktheme.com/bixola/news-list-two-right.html]
[unicktheme.com/bixola/assets/images/blog/news-page-three-1-1.jpg]
[unicktheme.com/bixola/assets/images/blog/news-page-three-1-2.jpg]
[unicktheme.com/bixola/assets/images/blog/news-page-three-1-3.jpg]
[unicktheme.com/bixola/assets/images/blog/news-page-three-1-4.jpg]
[unicktheme.com/bixola/assets/images/blog/news-page-three-1-5.jpg]
[unicktheme.com/bixola/assets/images/blog/news-page-three-1-6.jpg]
[unicktheme.com/bixola/news-list-3.html]
[unicktheme.com/bixola/news-list-three-left.html]
[unicktheme.com/bixola/news-list-three-right.html]
[unicktheme.com/bixola/news-carousel.html]
[unicktheme.com/bixola/assets/images/blog/news-details-img-1.jpg]
[unicktheme.com/bixola/assets/images/blog/news-details-author-img.jpg]
[unicktheme.com/bixola/assets/images/blog/news-details-img-2.jpg]
[unicktheme.com/bixola/assets/images/blog/comment-1-1.jpg]
[unicktheme.com/bixola/assets/images/blog/comment-1-2.jpg]
[unicktheme.com/bixola/assets/images/blog/comment-1-3.jpg]
[unicktheme.com/bixola/news-details.html]
[unicktheme.com/bixola/assets/vendors/fontawesome/webfonts/fa-brands-400.svg]
[unicktheme.com/bixola/assets/vendors/fontawesome/webfonts/fa-regular-400.svg]
[unicktheme.com/bixola/assets/vendors/fontawesome/webfonts/fa-solid-900.svg]
[unicktheme.com/bixola/assets/vendors/bixola-icons/fonts/icomoon78ed.svg]
[unicktheme.com/bixola/assets/vendors/owl-carousel/owl.video.play.html]
[unicktheme.com/bixola/assets/vendors/timepicker/images/ui-icons_444444_256x240.html]
[unicktheme.com/bixola/cart.html]
[unicktheme.com/bixola/news-1.html]
[unicktheme.com/bixola/assets/css/bixola-dark.css]
[unicktheme.com/bixola/assets/images/shapes/error-page-shape-1.html]
